Java HotSpot(TM) 64-Bit Server VM (25.162-b12) for windows-amd64 JRE (1.8.0_162-b12), built on Dec 19 2017 20:00:03 by "java_re" with MS VC++ 10.0 (VS2010)
Memory: 4k page, physical 16699036k(9472048k free), swap 18009756k(6916224k free)
CommandLine flags: -XX:InitialHeapSize=536870912 -XX:MaxHeapSize=536870912 -XX:+PrintGC -XX:+PrintGCDetails -XX:+PrintGCTimeStamps -XX:+UseCompressedClassPointers -XX:+UseCompressedOops -XX:-UseLargePagesIndividualAllocation -XX:+UseSerialGC 
2.511: [GC (Allocation Failure) 2.511: [DefNew: 139776K->17471K(157248K), 0.0669082 secs] 139776K->82899K(506816K), 0.0670109 secs] [Times: user=0.05 sys=0.02, real=0.07 secs] 
5.295: [GC (Allocation Failure) 5.295: [DefNew: 157247K->17472K(157248K), 0.0810689 secs] 222675K->140212K(506816K), 0.0815209 secs] [Times: user=0.05 sys=0.02, real=0.08 secs] 
8.127: [GC (Allocation Failure) 8.127: [DefNew: 157248K->17471K(157248K), 0.0793727 secs] 279988K->195410K(506816K), 0.0794228 secs] [Times: user=0.05 sys=0.01, real=0.08 secs] 
10.868: [GC (Allocation Failure) 10.868: [DefNew: 157247K->17472K(157248K), 0.0679874 secs] 335186K->253869K(506816K), 0.0680344 secs] [Times: user=0.08 sys=0.00, real=0.07 secs] 
13.659: [GC (Allocation Failure) 13.659: [DefNew: 157248K->17471K(157248K), 0.0687114 secs] 393645K->306636K(506816K), 0.0687600 secs] [Times: user=0.05 sys=0.02, real=0.07 secs] 
16.461: [GC (Allocation Failure) 16.461: [DefNew: 157247K->157247K(157248K), 0.0000107 secs]16.461: [Tenured: 289164K->349568K(349568K), 0.2569388 secs] 446412K->366766K(506816K), [Metaspace: 2804K->2804K(1056768K)], 0.2570129 secs] [Times: user=0.27 sys=0.00, real=0.26 secs] 
19.460: [Full GC (Allocation Failure) 19.460: [Tenured: 349568K->349568K(349568K), 0.2754275 secs] 506815K->440664K(506816K), [Metaspace: 2805K->2805K(1056768K)], 0.2754825 secs] [Times: user=0.28 sys=0.00, real=0.28 secs] 
20.882: [Full GC (Allocation Failure) 20.882: [Tenured: 349568K->11515K(349568K), 0.0748721 secs] 506815K->11515K(506816K), [Metaspace: 2808K->2808K(1056768K)], 0.0749249 secs] [Times: user=0.08 sys=0.00, real=0.07 secs] 
23.746: [GC (Allocation Failure) 23.746: [DefNew: 139776K->17471K(157248K), 0.0316860 secs] 151291K->55495K(506816K), 0.0317596 secs] [Times: user=0.03 sys=0.00, real=0.03 secs] 
26.521: [GC (Allocation Failure) 26.521: [DefNew: 157247K->17471K(157248K), 0.0382595 secs] 195271K->97673K(506816K), 0.0383098 secs] [Times: user=0.05 sys=0.00, real=0.04 secs] 
29.310: [GC (Allocation Failure) 29.310: [DefNew: 157247K->17471K(157248K), 0.0398846 secs] 237449K->140682K(506816K), 0.0399332 secs] [Times: user=0.03 sys=0.00, real=0.04 secs] 
32.106: [GC (Allocation Failure) 32.106: [DefNew: 157247K->17472K(157248K), 0.0416181 secs] 280458K->183804K(506816K), 0.0416672 secs] [Times: user=0.03 sys=0.00, real=0.04 secs] 
34.911: [GC (Allocation Failure) 34.911: [DefNew: 157248K->17471K(157248K), 0.0450892 secs] 323580K->227917K(506816K), 0.0451370 secs] [Times: user=0.05 sys=0.00, real=0.05 secs] 
37.706: [GC (Allocation Failure) 37.706: [DefNew: 157247K->17471K(157248K), 0.0485368 secs] 367693K->272952K(506816K), 0.0485899 secs] [Times: user=0.05 sys=0.00, real=0.05 secs] 
40.520: [GC (Allocation Failure) 40.520: [DefNew: 157247K->17472K(157248K), 0.0491809 secs] 412728K->319026K(506816K), 0.0492263 secs] [Times: user=0.05 sys=0.00, real=0.05 secs] 
43.309: [GC (Allocation Failure) 43.309: [DefNew: 157248K->157248K(157248K), 0.0000102 secs]43.309: [Tenured: 301554K->349567K(349568K), 0.2298705 secs] 458802K->366637K(506816K), [Metaspace: 2827K->2827K(1056768K)], 0.2299377 secs] [Times: user=0.22 sys=0.00, real=0.23 secs] 
46.320: [Full GC (Allocation Failure) 46.320: [Tenured: 349567K->349567K(349568K), 0.2509264 secs] 506815K->427345K(506816K), [Metaspace: 2827K->2827K(1056768K)], 0.2509772 secs] [Times: user=0.25 sys=0.00, real=0.25 secs] 
48.125: [Full GC (Allocation Failure) 48.125: [Tenured: 349567K->349567K(349568K), 0.2533357 secs] 506815K->466985K(506816K), [Metaspace: 2827K->2827K(1056768K)], 0.2533827 secs] [Times: user=0.25 sys=0.00, real=0.25 secs] 
49.163: [Full GC (Allocation Failure) 49.163: [Tenured: 349567K->25465K(349568K), 0.0801116 secs] 506815K->25465K(506816K), [Metaspace: 2827K->2827K(1056768K)], 0.0801671 secs] [Times: user=0.08 sys=0.00, real=0.08 secs] 
52.004: [GC (Allocation Failure) 52.004: [DefNew: 139776K->17472K(157248K), 0.0309829 secs] 165241K->65921K(506816K), 0.0310317 secs] [Times: user=0.03 sys=0.00, real=0.03 secs] 
54.731: [GC (Allocation Failure) 54.731: [DefNew: 157248K->17471K(157248K), 0.0376432 secs] 205697K->107235K(506816K), 0.0376913 secs] [Times: user=0.03 sys=0.00, real=0.04 secs] 
57.530: [GC (Allocation Failure) 57.530: [DefNew: 157247K->17471K(157248K), 0.0405499 secs] 247011K->150138K(506816K), 0.0406064 secs] [Times: user=0.03 sys=0.00, real=0.04 secs] 
60.338: [GC (Allocation Failure) 60.338: [DefNew: 157247K->17471K(157248K), 0.0436102 secs] 289914K->194621K(506816K), 0.0436579 secs] [Times: user=0.05 sys=0.00, real=0.04 secs] 
63.168: [GC (Allocation Failure) 63.168: [DefNew: 157247K->17471K(157248K), 0.0449957 secs] 334397K->239613K(506816K), 0.0450384 secs] [Times: user=0.03 sys=0.00, real=0.05 secs] 
65.931: [GC (Allocation Failure) 65.931: [DefNew: 157247K->17471K(157248K), 0.0471768 secs] 379389K->285546K(506816K), 0.0472271 secs] [Times: user=0.05 sys=0.00, real=0.05 secs] 
68.747: [GC (Allocation Failure) 68.747: [DefNew: 157247K->17471K(157248K), 0.0491665 secs] 425322K->332786K(506816K), 0.0492159 secs] [Times: user=0.05 sys=0.00, real=0.05 secs] 
71.524: [GC (Allocation Failure) 71.524: [DefNew: 157247K->157247K(157248K), 0.0000105 secs]71.524: [Tenured: 315314K->349567K(349568K), 0.2405428 secs] 472562K->381302K(506816K), [Metaspace: 2827K->2827K(1056768K)], 0.2406095 secs] [Times: user=0.25 sys=0.00, real=0.24 secs] 
74.190: [Full GC (Allocation Failure) 74.190: [Tenured: 349567K->349567K(349568K), 0.2507210 secs] 506815K->436813K(506816K), [Metaspace: 2827K->2827K(1056768K)], 0.2507734 secs] [Times: user=0.25 sys=0.00, real=0.25 secs] 
75.821: [Full GC (Allocation Failure) 75.821: [Tenured: 349567K->349567K(349568K), 0.2545850 secs] 506815K->473419K(506816K), [Metaspace: 2827K->2827K(1056768K)], 0.2546415 secs] [Times: user=0.27 sys=0.00, real=0.25 secs] 
76.725: [Full GC (Allocation Failure) 76.725: [Tenured: 349567K->28812K(349568K), 0.0851808 secs] 506815K->28812K(506816K), [Metaspace: 2827K->2827K(1056768K)], 0.0852469 secs] [Times: user=0.09 sys=0.00, real=0.09 secs] 
79.532: [GC (Allocation Failure) 79.532: [DefNew: 139776K->17472K(157248K), 0.0297044 secs] 168588K->69679K(506816K), 0.0297486 secs] [Times: user=0.03 sys=0.00, real=0.03 secs] 
82.330: [GC (Allocation Failure) 82.330: [DefNew: 157248K->17471K(157248K), 0.0388024 secs] 209455K->111858K(506816K), 0.0388440 secs] [Times: user=0.03 sys=0.00, real=0.04 secs] 
85.113: [GC (Allocation Failure) 85.113: [DefNew: 157247K->17471K(157248K), 0.0409324 secs] 251634K->155039K(506816K), 0.0409825 secs] [Times: user=0.05 sys=0.00, real=0.04 secs] 
87.837: [GC (Allocation Failure) 87.837: [DefNew: 157247K->17472K(157248K), 0.0435808 secs] 294815K->199478K(506816K), 0.0436260 secs] [Times: user=0.05 sys=0.00, real=0.04 secs] 
90.560: [GC (Allocation Failure) 90.560: [DefNew: 157248K->17471K(157248K), 0.0476724 secs] 339254K->244701K(506816K), 0.0477215 secs] [Times: user=0.05 sys=0.00, real=0.05 secs] 
93.301: [GC (Allocation Failure) 93.301: [DefNew: 157247K->17471K(157248K), 0.0496052 secs] 384477K->291106K(506816K), 0.0496545 secs] [Times: user=0.05 sys=0.00, real=0.05 secs] 
96.023: [GC (Allocation Failure) 96.023: [DefNew: 157247K->17471K(157248K), 0.0507641 secs] 430882K->338491K(506816K), 0.0508134 secs] [Times: user=0.06 sys=0.00, real=0.05 secs] 
98.812: [GC (Allocation Failure) 98.812: [DefNew: 157247K->157247K(157248K), 0.0000097 secs]98.812: [Tenured: 321019K->349567K(349568K), 0.2712201 secs] 478267K->387044K(506816K), [Metaspace: 2827K->2827K(1056768K)], 0.2712855 secs] [Times: user=0.27 sys=0.00, real=0.27 secs] 
101.386: [Full GC (Allocation Failure) 101.386: [Tenured: 349567K->349567K(349568K), 0.2516413 secs] 506815K->441247K(506816K), [Metaspace: 2827K->2827K(1056768K)], 0.2516895 secs] [Times: user=0.25 sys=0.00, real=0.25 secs] 
102.904: [Full GC (Allocation Failure) 102.904: [Tenured: 349567K->8857K(349568K), 0.0704061 secs] 506815K->8857K(506816K), [Metaspace: 2827K->2827K(1056768K)], 0.0704577 secs] [Times: user=0.06 sys=0.00, real=0.07 secs] 
105.658: [GC (Allocation Failure) 105.658: [DefNew: 139776K->17471K(157248K), 0.0288215 secs] 148633K->49254K(506816K), 0.0288692 secs] [Times: user=0.03 sys=0.00, real=0.03 secs] 
108.422: [GC (Allocation Failure) 108.422: [DefNew: 157247K->17472K(157248K), 0.0371841 secs] 189030K->90519K(506816K), 0.0372316 secs] [Times: user=0.03 sys=0.00, real=0.04 secs] 
111.161: [GC (Allocation Failure) 111.162: [DefNew: 157248K->17471K(157248K), 0.0397431 secs] 230295K->132780K(506816K), 0.0397916 secs] [Times: user=0.05 sys=0.00, real=0.04 secs] 
113.890: [GC (Allocation Failure) 113.890: [DefNew: 157247K->17471K(157248K), 0.0419633 secs] 272556K->176500K(506816K), 0.0420085 secs] [Times: user=0.03 sys=0.00, real=0.04 secs] 
116.647: [GC (Allocation Failure) 116.647: [DefNew: 157247K->17471K(157248K), 0.0442755 secs] 316276K->221257K(506816K), 0.0443225 secs] [Times: user=0.05 sys=0.00, real=0.04 secs] 
119.401: [GC (Allocation Failure) 119.401: [DefNew: 157247K->17472K(157248K), 0.0457044 secs] 361033K->266626K(506816K), 0.0457476 secs] [Times: user=0.03 sys=0.00, real=0.04 secs] 
122.127: [GC (Allocation Failure) 122.127: [DefNew: 157248K->17471K(157248K), 0.0484788 secs] 406402K->312928K(506816K), 0.0485324 secs] [Times: user=0.05 sys=0.00, real=0.05 secs] 
124.886: [GC (Allocation Failure) 124.886: [DefNew: 157247K->157247K(157248K), 0.0000107 secs]124.886: [Tenured: 295456K->349567K(349568K), 0.2237204 secs] 452704K->360853K(506816K), [Metaspace: 2827K->2827K(1056768K)], 0.2237891 secs] [Times: user=0.22 sys=0.00, real=0.22 secs] 
127.933: [Full GC (Allocation Failure) 127.933: [Tenured: 349567K->349567K(349568K), 0.2491914 secs] 506815K->423465K(506816K), [Metaspace: 2827K->2827K(1056768K)], 0.2492450 secs] [Times: user=0.25 sys=0.00, real=0.25 secs] 
129.769: [Full GC (Allocation Failure) 129.769: [Tenured: 349567K->349567K(349568K), 0.2557863 secs] 506815K->464409K(506816K), [Metaspace: 2827K->2827K(1056768K)], 0.2558379 secs] [Times: user=0.25 sys=0.00, real=0.26 secs] 
130.809: [Full GC (Allocation Failure) 130.809: [Tenured: 349567K->23966K(349568K), 0.0780327 secs] 506815K->23966K(506816K), [Metaspace: 2827K->2827K(1056768K)], 0.0780902 secs] [Times: user=0.08 sys=0.00, real=0.08 secs] 
133.557: [GC (Allocation Failure) 133.557: [DefNew: 139776K->17471K(157248K), 0.0309775 secs] 163742K->65119K(506816K), 0.0310289 secs] [Times: user=0.03 sys=0.00, real=0.03 secs] 
136.333: [GC (Allocation Failure) 136.333: [DefNew: 157247K->17471K(157248K), 0.0387247 secs] 204895K->106830K(506816K), 0.0387735 secs] [Times: user=0.05 sys=0.00, real=0.04 secs] 
139.088: [GC (Allocation Failure) 139.088: [DefNew: 157247K->17472K(157248K), 0.0407972 secs] 246606K->149603K(506816K), 0.0408419 secs] [Times: user=0.05 sys=0.00, real=0.04 secs] 
141.838: [GC (Allocation Failure) 141.838: [DefNew: 157248K->17472K(157248K), 0.0428455 secs] 289379K->193576K(506816K), 0.0428910 secs] [Times: user=0.03 sys=0.00, real=0.04 secs] 
144.625: [GC (Allocation Failure) 144.625: [DefNew: 157248K->17472K(157248K), 0.0461063 secs] 333352K->238492K(506816K), 0.0461579 secs] [Times: user=0.05 sys=0.00, real=0.05 secs] 
147.396: [GC (Allocation Failure) 147.396: [DefNew: 157248K->17471K(157248K), 0.0500278 secs] 378268K->284770K(506816K), 0.0500820 secs] [Times: user=0.05 sys=0.00, real=0.05 secs] 
